Utilities\GrowerDataProvider$StaticProviderUploadPhotoPage.class
Utilities\GrowerDataProvider$StaticProviderLoginPage.class
Pages\DashboardPage.class
Pages\StepsToFollowPage.class
Utilities\GrowerDataProvider$StaticProvidersensorDataPage.class
Pages\AboutPage.class
Utilities\GrowerDataProvider$StaticProviderforgetPasswordPage.class
Utilities\TestBase.class
Scripts\ValidatedashboardtFunctionality.class
Utilities\GrowerDataProvider$StaticProviderstepsToFollowPage.class
Utilities\GrowerDataProvider$StaticProviderAddApplicationPage.class
Utilities\GrowerDataProvider.class
Utilities\GrowerDataProvider$StaticProviderUserInformationPage.class
Utilities\GrowerDataProvider$StaticProviderContactUsPage.class
Utilities\GrowerDataProvider$StaticProviderreportPage.class
Pages\UserInformationPage.class
Pages\ContactUsPage.class
Pages\LoginPage.class
Utilities\GrowerDataProvider$StaticProviderdashboardPage.class
Scripts\ValidateContactUsFunctionality.class
Pages\UploadPhoto.class
Utilities\GrowerDataProvider$StaticProvideraboutPage.class
Pages\AddApplicationPage.class
Utilities\GrowerDataProvider$StaticProviderSignUpPage.class
