C:\CodeBase\testing\src\test\java\Pages\UploadPhotoPage.java
C:\CodeBase\testing\src\test\java\Pages\UploadPhoto.java
C:\CodeBase\testing\src\test\java\Utilities\CommonFunctions.java
C:\CodeBase\testing\src\test\java\Scripts\ValidateStepstoFollowFunctionality.java
C:\CodeBase\testing\src\test\java\Pages\UserInformationPage.java
C:\CodeBase\testing\src\test\java\Utilities\TestListners.java
C:\CodeBase\testing\src\test\java\Scripts\ValidateUploadPhotoFunctionality.java
C:\CodeBase\testing\src\test\java\Scripts\ValidateContactUsFunctionality.java
C:\CodeBase\testing\src\test\java\Pages\AddApplicationPage.java
C:\CodeBase\testing\src\test\java\Scripts\TestClass.java
C:\CodeBase\testing\src\test\java\Pages\ContactUsPage.java
C:\CodeBase\testing\src\test\java\Pages\LoginPage.java
C:\CodeBase\testing\src\test\java\Scripts\ValidateAboutFunctionality.java
C:\CodeBase\testing\src\test\java\Utilities\DPExcelUtil.java
C:\CodeBase\testing\src\test\java\Pages\CreateAccountPage.java
C:\CodeBase\testing\src\test\java\Pages\ForgetPasswordPage.java
C:\CodeBase\testing\src\test\java\Pages\SensorDataPage.java
C:\CodeBase\testing\src\test\java\Scripts\ValidateUserInformationFunctionality.java
C:\CodeBase\testing\src\test\java\Pages\AboutPage.java
C:\CodeBase\testing\src\test\java\Scripts\ValidateSensorDataFunctionality.java
C:\CodeBase\testing\src\test\java\delete\Random.java
C:\CodeBase\testing\src\test\java\Pages\DashboardPage.java
C:\CodeBase\testing\src\test\java\Utilities\TestBase.java
C:\CodeBase\testing\src\test\java\Scripts\ValidatedashboardtFunctionality.java
C:\CodeBase\testing\src\test\java\Utilities\GrowerDataProvider.java
C:\CodeBase\testing\src\test\java\Scripts\ValidateSignUpFunctionality.java
C:\CodeBase\testing\src\test\java\Scripts\ValidateAddApplicationFunctionality.java
C:\CodeBase\testing\src\test\java\Pages\StepsToFollowPage.java
C:\CodeBase\testing\src\test\java\delete\mail.java
C:\CodeBase\testing\src\test\java\Pages\ReportPage.java
